### Autogenerated dependencies
addressgui.u : addressgui.icn dialog.u gui_utils.u logindialog.u messagebox.u yesnodialog.u guih.icn
border.u : border.icn component.u guiprocs.u panel.u theme.u guih.icn
button.u : button.icn component.u dispatcher.u guiprocs.u toggle.u guih.icn
buttongroup.u : buttongroup.icn guih.icn
checkbox.u : checkbox.icn button.u component.u guiprocs.u theme.u guih.icn
checkboxgroup.u : checkboxgroup.icn guih.icn
checkboxmenuitem.u : checkboxmenuitem.icn guiprocs.u menucomponent.u toggle.u guih.icn
circulate.u : circulate.icn component.u guiprocs.u iconbutton.u label.u theme.u guih.icn
clipboard.u : clipboard.icn
component.u : component.icn dispatcher.u drag.u guiprocs.u ticker.u guih.icn
componentscrollarea.u : componentscrollarea.icn component.u scrollarea.u guih.icn
dialog.u : dialog.icn component.u dispatcher.u guiprocs.u theme.u ticker.u guih.icn
dispatcher.u : dispatcher.icn guih.icn
displayscrollarea.u : displayscrollarea.icn linebasedscrollarea.u scrollarea.u guih.icn
drag.u : drag.icn
drawscrollarea.u : drawscrollarea.icn component.u guiprocs.u scrollarea.u guih.icn
dropdown.u : dropdown.icn component.u guiprocs.u iconbutton.u textlist.u theme.u guih.icn
editabletextlist.u : editabletextlist.icn clipboard.u component.u guiprocs.u linebasedscrollarea.u scrollarea.u stddlg.u guih.icn
editlist.u : editlist.icn component.u dropdown.u guiprocs.u textfield.u theme.u guih.icn
editspin.u : editspin.icn component.u guiprocs.u spin.u textfield.u theme.u guih.icn
filedialog.u : filedialog.icn dialog.u label.u textbutton.u textfield.u textlist.u guih.icn
font_dlg.u : font_dlg.icn border.u dialog.u editlist.u label.u textbutton.u guih.icn
gui_utils.u : gui_utils.icn border.u checkbox.u editabletextlist.u label.u menu.u menubar.u textbutton.u textfield.u textlist.u textmenuitem.u
guih.u : guih.icn
guiprocs.u : guiprocs.icn theme.u guih.icn
icon.u : icon.icn component.u guiprocs.u guih.icn
iconbutton.u : iconbutton.icn button.u component.u guiprocs.u theme.u guih.icn
image.u : image.icn component.u guiprocs.u guih.icn
label.u : label.icn component.u guiprocs.u theme.u guih.icn
line.u : line.icn component.u guiprocs.u guih.icn
linebasedscrollarea.u : linebasedscrollarea.icn drawscrollarea.u scrollarea.u guih.icn
list.u : list.icn component.u dropdown.u guiprocs.u label.u theme.u guih.icn
listspin.u : listspin.icn staticspin.u guih.icn
logindialog.u : logindialog.icn dialog.u label.u textbutton.u textfield.u guih.icn
menu.u : menu.icn guiprocs.u menucomponent.u submenu.u theme.u guih.icn
menubar.u : menubar.icn component.u guiprocs.u theme.u guih.icn
menubutton.u : menubutton.icn component.u guiprocs.u theme.u guih.icn
menucomponent.u : menucomponent.icn guiprocs.u guih.icn
menuseparator.u : menuseparator.icn guiprocs.u menucomponent.u theme.u guih.icn
messagebox.u : messagebox.icn dialog.u textbutton.u textlist.u
migration.u : migration.icn guih.icn
node.u : node.icn guih.icn
overlayitem.u : overlayitem.icn component.u guih.icn
overlayset.u : overlayset.icn component.u guiprocs.u guih.icn
panel.u : panel.icn component.u guiprocs.u guih.icn
popupmenu.u : popupmenu.icn component.u guih.icn
printdlg.u : printdlg.icn dialog.u label.u stddlg.u tabitem.u table.u tablecolumn.u tabset.u textbutton.u textfield.u guih.icn
progressbar.u : progressbar.icn component.u guiprocs.u theme.u guih.icn
rangespin.u : rangespin.icn editspin.u spin.u guih.icn
scrollarea.u : scrollarea.icn component.u guiprocs.u scrollbar.u theme.u guih.icn
scrollbar.u : scrollbar.icn component.u dispatcher.u guiprocs.u iconbutton.u theme.u guih.icn
selectablescrollarea.u : selectablescrollarea.icn component.u linebasedscrollarea.u scrollarea.u guih.icn
sizer.u : sizer.icn component.u guiprocs.u theme.u guih.icn
slider.u : slider.icn component.u dispatcher.u guiprocs.u theme.u guih.icn
spin.u : spin.icn component.u guiprocs.u iconbutton.u theme.u guih.icn
staticspin.u : staticspin.icn component.u guiprocs.u label.u spin.u theme.u guih.icn
stddlg.u : stddlg.icn border.u checkbox.u checkboxgroup.u component.u dialog.u label.u slider.u textbutton.u textfield.u guih.icn
submenu.u : submenu.icn menucomponent.u guih.icn
tabitem.u : tabitem.icn component.u guiprocs.u theme.u guih.icn
table.u : table.icn component.u guiprocs.u scrollarea.u selectablescrollarea.u theme.u guih.icn
tablecolumn.u : tablecolumn.icn guiprocs.u textbutton.u theme.u guih.icn
tabset.u : tabset.icn component.u guiprocs.u theme.u guih.icn
textbutton.u : textbutton.icn button.u component.u guiprocs.u theme.u guih.icn
textdisplay.u : textdisplay.icn displayscrollarea.u editabletextlist.u guiprocs.u linebasedscrollarea.u scrollarea.u guih.icn
textfield.u : textfield.icn clipboard.u component.u guiprocs.u theme.u guih.icn
textlist.u : textlist.icn guiprocs.u selectablescrollarea.u guih.icn
textmenuitem.u : textmenuitem.icn menucomponent.u guih.icn
theme.u : theme.icn guih.icn
ticker.u : ticker.icn dispatcher.u guih.icn
toggle.u : toggle.icn guih.icn
toggleiconbutton.u : toggleiconbutton.icn iconbutton.u guih.icn
toggletextbutton.u : toggletextbutton.icn textbutton.u guih.icn
toolbar.u : toolbar.icn guiprocs.u panel.u theme.u guih.icn
tree.u : tree.icn guiprocs.u selectablescrollarea.u guih.icn
treetable.u : treetable.icn guiprocs.u node.u scrollarea.u table.u tree.u guih.icn
yesnodialog.u : yesnodialog.icn dialog.u gui_utils.u textlist.u guih.icn
